     1                                 %line 1+1 smallbuffer.asm
     2                                 
     3                                 
     4                                 
     5                                 
     6                                 
     7                                 
     8                                 
     9                                 
    10                                 
    11                                 
    12                                 
    13                                 
    14                                 
    15                                 
    16                                 
    17                                 
    18                                 
    19                                 
    20                                 
    21                                 
    22                                 
    23                                 
    24                                 
    25                                 
    26                                 
    27                                 
    28                                 
    29                                 
    30                                 
    31                                 
    32                                 
    33                                 
    34                                 
    35                                 
    36                                 
    37                                 
    38                                 
    39                                 
    40                                 
    41                                 
    42                                 
    43                                 
    44                                 
    45                                 [section .data]
    46                                 
    47                                 
    48                                 
    49                                 
    50                                 TRUE equ 1
    51                                 FALSE equ 0
    52                                 
    53                                 LF equ 10
    54                                 NULL equ 0
    55                                 
    56                                 SUCCESS equ 0
    57                                 NOSUCCESS equ 1
    58                                 
    59                                 STDIN equ 0
    60                                 STDOUT equ 1
    61                                 STDERR equ 2
    62                                 
    63                                 SYS_read equ 0
    64                                 SYS_write equ 1
    65                                 SYS_open equ 2
    66                                 SYS_close equ 3
    67                                 SYS_fork equ 57
    68                                 SYS_exit equ 60
    69                                 SYS_creat equ 85
    70                                 SYS_time equ 201
    71                                 
    72                                 
    73                                 
    74                                 
    75                                 MAXWORDLENGTH equ 80
    76                                 
    77 00000000 00000000               wordCount dd 0
    78 00000004 00000000               rdFileDesc dd 0
    79 00000008 00                     matchCase db FALSE
    80                                 
    81                                 
    82                                 
    83                                 [section .bss]
    84                                 
    85 00000000 <gap>                  searchWord resb MAXWORDLENGTH+1
    86 00000051 <gap>                  currentWord resb MAXWORDLENGTH+1
    87                                 
    88                                 
    89                                 
    90                                 
    91                                 [section .text]
    92                                 
    93                                 [extern checkParameters]
    94                                 [extern getWord]
    95                                 [extern checkWord]
    96                                 [extern displayResults]
    97                                 
    98                                 [extern printString]
    99                                 
   100                                 
   101                                 
   102                                 
   103                                 
   104                                 
   105                                 
   106                                 
   107                                 
   108                                 
   109                                 
   110                                 
   111                                 
   112                                 
   113                                 
   114                                 
   115                                 
   116                                 
   117                                 [global main]
   118                                 main:
   119                                 
   120                                 
   121                                 
   122                                 
   123                                 
   124                                 
   125                                 
   126                                 
   127                                 
   128                                 
   129                                 
   130                                 
   131                                 
   132                                 
   133 00000000 48C7C2[00000000]        mov rdx, searchWord
   134 00000007 48C7C1[00000000]        mov rcx, matchCase
   135 0000000E 49C7C0[00000000]        mov r8, rdFileDesc
   136 00000015 E8(F6FFFFFF)            call checkParameters
   137                                 
   138 0000001A 83F800                  cmp eax, FALSE
   139 0000001D 746A                    je wordCountDone
   140                                 
   141                                 
   142                                 
   143                                 
   144                                 
   145                                 
   146                                 
   147                                 
   148                                 
   149                                 
   150                                 
   151                                 
   152                                 
   153                                 getNextWord:
   154 0000001F 48C7C7[00000000]        mov rdi, currentWord
   155 00000026 48C7C600000000          mov rsi, 0
   156 0000002D 8B3425[00000000]        mov esi, dword[rdFileDesc]
   157 00000034 E8(F6FFFFFF)            call getWord
   158                                 
   159 00000039 83F800                  cmp eax, FALSE
   160 0000003C 7428                    je readDone
   161                                 
   162                                 
   163                                 
   164                                 
   165                                 
   166 0000003E 48C7C7[00000000]        mov rdi, searchWord
   167 00000045 48C7C6[00000000]        mov rsi, currentWord
   168 0000004C 48C7C200000000          mov rdx, 0
   169 00000053 8A1425[00000000]        mov dl, byte [matchCase]
   170 0000005A 48C7C1[00000000]        mov rcx, wordCount
   171 00000061 E8(F6FFFFFF)            call checkWord
   172                                 
   173 00000066 EBB5                    jmp getNextWord
   174                                 
   175                                 
   176                                 
   177                                 
   178                                 
   179                                 
   180                                 
   181                                 readDone:
   182 00000068 48C7C003000000          mov rax, SYS_close
   183 0000006F 8B3C25[00000000]        mov edi, dword [rdFileDesc]
   184 00000076 0F05                    syscall
   185                                 
   186 00000078 48C7C7[00000000]        mov rdi, searchWord
   187 0000007F 8B3425[00000000]        mov esi, dword [wordCount]
   188 00000086 E8(F6FFFFFF)            call displayResults
   189                                 
   190                                 
   191                                 
   192                                 
   193                                 wordCountDone:
   194 0000008B 48C7C03C000000          mov rax, SYS_exit
   195 00000092 48C7C700000000          mov rdi, SUCCESS
   196 00000099 0F05                    syscall
   197                                 
   198                                 
   199                                 
   200                                 
